[{"stream_name":"stderr","time":5.888709822,"data":"/usr/local/lib/python3.12/dist-packages/nbformat/__init__.py:96: MissingIDFieldWarning: Cell is missing an id field, this will become a hard error in future nbformat versions. You may want to use `normalize()` on your notebooks before validations (available since nbformat 5.1.4). Previous versions of nbformat are fixing this issue transparently, and will stop doing so in the future.\n"}
,{"stream_name":"stderr","time":5.8887598709999995,"data":"  validate(nb)\n"}
,{"stream_name":"stderr","time":6.894688364,"data":"0.00s - Debugger warning: It seems that frozen modules are being used, which may\n"}
,{"stream_name":"stderr","time":6.894722681,"data":"0.00s - make the debugger miss breakpoints. Please pass -Xfrozen_modules=off\n"}
,{"stream_name":"stderr","time":6.894728896,"data":"0.00s - to python to disable frozen modules.\n"}
,{"stream_name":"stderr","time":6.894733343,"data":"0.00s - Note: Debugging will proceed. Set PYDEVD_DISABLE_FILE_VALIDATION=1 to disable this validation.\n"}
,{"stream_name":"stderr","time":7.59178949,"data":"0.00s - Debugger warning: It seems that frozen modules are being used, which may\n"}
,{"stream_name":"stderr","time":7.591827967,"data":"0.00s - make the debugger miss breakpoints. Please pass -Xfrozen_modules=off\n"}
,{"stream_name":"stderr","time":7.591833877,"data":"0.00s - to python to disable frozen modules.\n"}
,{"stream_name":"stderr","time":7.591838401,"data":"0.00s - Note: Debugging will proceed. Set PYDEVD_DISABLE_FILE_VALIDATION=1 to disable this validation.\n"}
,{"stream_name":"stdout","time":8.945545834,"data":"CPU cores: 4 | RAM: 31.4GB\n"}
,{"stream_name":"stdout","time":9.398850879,"data":"Residues.txt: 24.3MB\n"}
,{"stream_name":"stdout","time":10.912718093,"data":"Filters.txt: 89.7MB\n"}
,{"stream_name":"stdout","time":10.912756106,"data":"\n"}
,{"stream_name":"stdout","time":10.912762684,"data":"Sieve data ready.\n"}
,{"stream_name":"stdout","time":18.419719111,"data":"Solver loaded: 2,101,514 residues, 148,923 filters\n"}
,{"stream_name":"stdout","time":18.437046363,"data":"Batches: 2,319 to 3,091 (773 total)\n"}
,{"stream_name":"stdout","time":18.437093392,"data":"Verification up to: ~8.00e+13\n"}
,{"stream_name":"stdout","time":18.437100909,"data":"Workers: 4\n"}
,{"stream_name":"stdout","time":19.037162682,"data":"Running 773 batches with 4 workers...\n"}
,{"stream_name":"stdout","time":19.037199908,"data":"=================================================================\n"}
,{"stream_name":"stdout","time":24178.685409253,"data":"\r  [  1.3%] 10/773 | 0.0 batch/s | ETA: 811m | prime survivors: 0\r  [  2.6%] 20/773 | 0.0 batch/s | ETA: 793m | prime survivors: 0\r  [  3.9%] 30/773 | 0.0 batch/s | ETA: 772m | prime survivors: 0\r  [  5.2%] 40/773 | 0.0 batch/s | ETA: 692m | prime survivors: 0\r  [  6.5%] 50/773 | 0.0 batch/s | ETA: 617m | prime survivors: 0\r  [  7.8%] 60/773 | 0.0 batch/s | ETA: 568m | prime survivors: 0\r  [  9.1%] 70/773 | 0.0 batch/s | ETA: 530m | prime survivors: 0\r  [ 10.3%] 80/773 | 0.0 batch/s | ETA: 501m | prime survivors: 0\r  [ 11.6%] 90/773 | 0.0 batch/s | ETA: 477m | prime survivors: 0\r  [ 12.9%] 100/773 | 0.0 batch/s | ETA: 456m | prime survivors: 0\r  [ 14.2%] 110/773 | 0.0 batch/s | ETA: 438m | prime survivors: 0\r  [ 15.5%] 120/773 | 0.0 batch/s | ETA: 423m | prime survivors: 0\r  [ 16.8%] 130/773 | 0.0 batch/s | ETA: 409m | prime survivors: 0\r  [ 18.1%] 140/773 | 0.0 batch/s | ETA: 396m | prime survivors: 0\r  [ 19.4%] 150/773 | 0.0 batch/s | ETA: 385m | prime survivors: 0\r  [ 20.7%] 160/773 | 0.0 batch/s | ETA: 374m | prime survivors: 0\r  [ 22.0%] 170/773 | 0.0 batch/s | ETA: 363m | prime survivors: 0\r  [ 23.3%] 180/773 | 0.0 batch/s | ETA: 354m | prime survivors: 0\r  [ 24.6%] 190/773 | 0.0 batch/s | ETA: 345m | prime survivors: 0\r  [ 25.9%] 200/773 | 0.0 batch/s | ETA: 337m | prime survivors: 0\r  [ 27.2%] 210/773 | 0.0 batch/s | ETA: 328m | prime survivors: 0\r  [ 28.5%] 220/773 | 0.0 batch/s | ETA: 319m | prime survivors: 0\r  [ 29.8%] 230/773 | 0.0 batch/s | ETA: 312m | prime survivors: 0\r  [ 31.0%] 240/773 | 0.0 batch/s | ETA: 305m | prime survivors: 0\r  [ 32.3%] 250/773 | 0.0 batch/s | ETA: 297m | prime survivors: 0\r  [ 33.6%] 260/773 | 0.0 batch/s | ETA: 290m | prime survivors: 0\r  [ 34.9%] 270/773 | 0.0 batch/s | ETA: 283m | prime survivors: 0\r  [ 36.2%] 280/773 | 0.0 batch/s | ETA: 277m | prime survivors: 0\r  [ 37.5%] 290/773 | 0.0 batch/s | ETA: 270m | prime survivors: 0\r  [ 38.8%] 300/773 | 0.0 batch/s | ETA: 263m | prime survivors: 0\r  [ 40.1%] 310/773 | 0.0 batch/s | ETA: 257m | prime survivors: 0\r  [ 41.4%] 320/773 | 0.0 batch/s | ETA: 251m | prime survivors: 0\r  [ 42.7%] 330/773 | 0.0 batch/s | ETA: 244m | prime survivors: 0\r  [ 44.0%] 340/773 | 0.0 batch/s | ETA: 238m | prime survivors: 0\r  [ 45.3%] 350/773 | 0.0 batch/s | ETA: 232m | prime survivors: 0\r  [ 46.6%] 360/773 | 0.0 batch/s | ETA: 226m | prime survivors: 0\r  [ 47.9%] 370/773 | 0.0 batch/s | ETA: 220m | prime survivors: 0\r  [ 49.2%] 380/773 | 0.0 batch/s | ETA: 214m | prime survivors: 0\r  [ 50.5%] 390/773 | 0.0 batch/s | ETA: 208m | prime survivors: 0\r  [ 51.7%] 400/773 | 0.0 batch/s | ETA: 202m | prime survivors: 0\r  [ 53.0%] 410/773 | 0.0 batch/s | ETA: 196m | prime survivors: 0\r  [ 54.3%] 420/773 | 0.0 batch/s | ETA: 191m | prime survivors: 0\r  [ 55.6%] 430/773 | 0.0 batch/s | ETA: 185m | prime survivors: 0\r  [ 56.9%] 440/773 | 0.0 batch/s | ETA: 179m | prime survivors: 0\r  [ 58.2%] 450/773 | 0.0 batch/s | ETA: 173m | prime survivors: 0\r  [ 59.5%] 460/773 | 0.0 batch/s | ETA: 168m | prime survivors: 0\r  [ 60.8%] 470/773 | 0.0 batch/s | ETA: 162m | prime survivors: 0\r  [ 62.1%] 480/773 | 0.0 batch/s | ETA: 157m | prime survivors: 0\r  [ 63.4%] 490/773 | 0.0 batch/s | ETA: 151m | prime survivors: 0\r  [ 64.7%] 500/773 | 0.0 batch/s | ETA: 146m | prime survivors: 0\r  [ 66.0%] 510/773 | 0.0 batch/s | ETA: 140m | prime survivors: 0\r  [ 67.3%] 520/773 | 0.0 batch/s | ETA: 135m | prime survivors: 0\r  [ 68.6%] 530/773 | 0.0 batch/s | ETA: 129m | prime survivors: 0\r  [ 69.9%] 540/773 | 0.0 batch/s | ETA: 124m | prime survivors: 0\r  [ 71.2%] 550/773 | 0.0 batch/s | ETA: 118m | prime survivors: 0\r  [ 72.4%] 560/773 | 0.0 batch/s | ETA: 113m | prime survivors: 0\r  [ 73.7%] 570/773 | 0.0 batch/s | ETA: 107m | prime survivors: 0\r  [ 75.0%] 580/773 | 0.0 batch/s | ETA: 102m | prime survivors: 0\r  [ 76.3%] 590/773 | 0.0 batch/s | ETA: 97m | prime survivors: 0\r  [ 77.6%] 600/773 | 0.0 batch/s | ETA: 91m | prime survivors: 0\r  [ 78.9%] 610/773 | 0.0 batch/s | ETA: 86m | prime survivors: 0\r  [ 80.2%] 620/773 | 0.0 batch/s | ETA: 81m | prime survivors: 0\r  [ 81.5%] 630/773 | 0.0 batch/s | ETA: 75m | prime survivors: 0\r  [ 82.8%] 640/773 | 0.0 batch/s | ETA: 70m | prime survivors: 0\r  [ 84.1%] 650/773 | 0.0 batch/s | ETA: 65m | prime survivors: 0\r  [ 85.4%] 660/773 | 0.0 batch/s | ETA: 59m | prime survivors: 0\r  [ 86.7%] 670/773 | 0.0 batch/s | ETA: 54m | prime survivors: 0\r  [ 88.0%] 680/773 | 0.0 batch/s | ETA: 49m | prime survivors: 0\r  [ 89.3%] 690/773 | 0.0 batch/s | ETA: 43m | prime survivors: 0\r  [ 90.6%] 700/773 | 0.0 batch/s | ETA: 38m | prime survivors: 0\r  [ 91.8%] 710/773 | 0.0 batch/s | ETA: 33m | prime survivors: 0\r  [ 93.1%] 720/773 | 0.0 batch/s | ETA: 28m | prime survivors: 0\r  [ 94.4%] 730/773 | 0.0 batch/s | ETA: 22m | prime survivors: 0\r  [ 95.7%] 740/773 | 0.0 batch/s | ETA: 17m | prime survivors: 0\r  [ 97.0%] 750/773 | 0.0 batch/s | ETA: 12m | prime survivors: 0\r  [ 98.3%] 760/773 | 0.0 batch/s | ETA: 7m | prime survivors: 0\r  [ 99.6%] 770/773 | 0.0 batch/s | ETA: 2m | prime survivors: 0\r  [100.0%] 773/773 | 0.0 batch/s | ETA: 0m | prime survivors: 0\n"}
,{"stream_name":"stdout","time":24178.685830429,"data":"\n"}
,{"stream_name":"stdout","time":24178.685840913,"data":"=================================================================\n"}
,{"stream_name":"stdout","time":24178.685847966,"data":"Done in 402.7m (6.7h)\n"}
,{"stream_name":"stdout","time":24178.685850763,"data":"Batches: 773 | Prime survivors: 0\n"}
,{"stream_name":"stdout","time":24178.685853302,"data":"Conjecture HOLDS for this range\n"}
,{"stream_name":"stdout","time":24178.685855838,"data":"Results: /kaggle/working/sieve_results_2319_3091.csv\n"}
,{"stream_name":"stdout","time":24179.094370996,"data":"Batches completed: 773\n"}
,{"stream_name":"stdout","time":24179.094412842,"data":"Verified up to: ~8.00e+13\n"}
,{"stream_name":"stdout","time":24179.094417141,"data":"Prime survivors: 0\n"}
,{"stream_name":"stdout","time":24179.094419937,"data":"Conjecture holds for this range!\n"}
,{"stream_name":"stdout","time":24179.094422794,"data":"\n"}
,{"stream_name":"stdout","time":24179.094425396,"data":"Results saved to: /kaggle/working/sieve_results_2319_3091.csv\n"}
,{"stream_name":"stdout","time":24179.094428194,"data":"Download from Output tab, or:\n"}
,{"stream_name":"stdout","time":24179.094430899,"data":"  kaggle kernels output \u003cusername\u003e/erdos-straus-sieve -p ./results/\n"}
,{"stream_name":"stdout","time":24179.332338097,"data":"\n"}
,{"stream_name":"stdout","time":24179.332375862,"data":"To centralize results, download CSV and drop into Google Drive \u003e erdos_straus/\n"}
,{"stream_name":"stderr","time":24183.49672961,"data":"/usr/local/lib/python3.12/dist-packages/mistune.py:435: SyntaxWarning: invalid escape sequence '\\|'\n"}
,{"stream_name":"stderr","time":24183.496769361,"data":"  cells[i][c] = re.sub('\\\\\\\\\\|', '|', cell)\n"}
,{"stream_name":"stderr","time":24183.842635169,"data":"/usr/local/lib/python3.12/dist-packages/nbconvert/filters/filter_links.py:36: SyntaxWarning: invalid escape sequence '\\_'\n"}
,{"stream_name":"stderr","time":24183.842668232,"data":"  text = re.sub(r'_', '\\_', text) # Escape underscores in display text\n"}
,{"stream_name":"stderr","time":24184.662326316,"data":"/usr/local/lib/python3.12/dist-packages/traitlets/traitlets.py:2915: FutureWarning: --Exporter.preprocessors=[\"remove_papermill_header.RemovePapermillHeader\"] for containers is deprecated in traitlets 5.0. You can pass `--Exporter.preprocessors item` ... multiple times to add items to a list.\n"}
,{"stream_name":"stderr","time":24184.662372927,"data":"  warn(\n"}
,{"stream_name":"stderr","time":24184.730380997,"data":"[NbConvertApp] Converting notebook __notebook__.ipynb to notebook\n"}
,{"stream_name":"stderr","time":24185.134665365,"data":"[NbConvertApp] Writing 17634 bytes to __notebook__.ipynb\n"}
,{"stream_name":"stderr","time":24188.188205365,"data":"/usr/local/lib/python3.12/dist-packages/traitlets/traitlets.py:2915: FutureWarning: --Exporter.preprocessors=[\"nbconvert.preprocessors.ExtractOutputPreprocessor\"] for containers is deprecated in traitlets 5.0. You can pass `--Exporter.preprocessors item` ... multiple times to add items to a list.\n"}
,{"stream_name":"stderr","time":24188.18824879,"data":"  warn(\n"}
,{"stream_name":"stderr","time":24188.220582168,"data":"[NbConvertApp] Converting notebook __notebook__.ipynb to html\n"}
,{"stream_name":"stderr","time":24189.379760685,"data":"[NbConvertApp] Writing 321663 bytes to __results__.html\n"}
]