[{"stream_name":"stderr","time":5.469539597,"data":"/usr/local/lib/python3.12/dist-packages/nbformat/__init__.py:96: MissingIDFieldWarning: Cell is missing an id field, this will become a hard error in future nbformat versions. You may want to use `normalize()` on your notebooks before validations (available since nbformat 5.1.4). Previous versions of nbformat are fixing this issue transparently, and will stop doing so in the future.\n"}
,{"stream_name":"stderr","time":5.469643456,"data":"  validate(nb)\n"}
,{"stream_name":"stderr","time":6.247107154,"data":"0.00s - Debugger warning: It seems that frozen modules are being used, which may\n"}
,{"stream_name":"stderr","time":6.247134375,"data":"0.00s - make the debugger miss breakpoints. Please pass -Xfrozen_modules=off\n"}
,{"stream_name":"stderr","time":6.247139175,"data":"0.00s - to python to disable frozen modules.\n"}
,{"stream_name":"stderr","time":6.247143362,"data":"0.00s - Note: Debugging will proceed. Set PYDEVD_DISABLE_FILE_VALIDATION=1 to disable this validation.\n"}
,{"stream_name":"stderr","time":6.817257221,"data":"0.00s - Debugger warning: It seems that frozen modules are being used, which may\n"}
,{"stream_name":"stderr","time":6.817303775,"data":"0.00s - make the debugger miss breakpoints. Please pass -Xfrozen_modules=off\n"}
,{"stream_name":"stderr","time":6.817308899,"data":"0.00s - to python to disable frozen modules.\n"}
,{"stream_name":"stderr","time":6.817313279,"data":"0.00s - Note: Debugging will proceed. Set PYDEVD_DISABLE_FILE_VALIDATION=1 to disable this validation.\n"}
,{"stream_name":"stdout","time":7.870008738,"data":"GPU: Tesla P100-PCIE-16GB\n"}
,{"stream_name":"stdout","time":7.870056899,"data":"Start: 2026-05-20T22:13:54.405327\n"}
,{"stream_name":"stdout","time":7.879831924,"data":"Target: mod24=0, mod9 in {0, 3, 6}\n"}
,{"stream_name":"stdout","time":7.8798531480000005,"data":"Chunk: 100,000,000 per run\n"}
,{"stream_name":"stdout","time":7.8932744150000005,"data":"Solver ready\n"}
,{"stream_name":"stdout","time":7.9041047540000005,"data":"Fresh start from n=32,000,000\n"}
,{"stream_name":"stdout","time":7.904120507,"data":"Stride-24: 32,000,016 -\u003e 132,000,000 (4,166,666 candidates)\n"}
,{"stream_name":"stdout","time":13.797846023,"data":"  [6.0%] n=37,999,992 | 250000 sols | S:0 B:250000 | 44238 cand/s\n"}
,{"stream_name":"stdout","time":19.253858572,"data":"  [12.0%] n=43,999,992 | 500000 sols | S:0 B:500000 | 45832 cand/s\n"}
,{"stream_name":"stdout","time":24.944807082,"data":"  [18.0%] n=49,999,992 | 750000 sols | S:0 B:750000 | 43981 cand/s\n"}
,{"stream_name":"stdout","time":30.363061025,"data":"  [24.0%] n=55,999,992 | 1000000 sols | S:0 B:1000000 | 46153 cand/s\n"}
,{"stream_name":"stdout","time":35.910425651,"data":"  [30.0%] n=61,999,992 | 1250000 sols | S:0 B:1250000 | 45078 cand/s\n"}
,{"stream_name":"stdout","time":41.581714025,"data":"  [36.0%] n=67,999,992 | 1500000 sols | S:0 B:1500000 | 44112 cand/s\n"}
,{"stream_name":"stdout","time":46.827600339,"data":"  [42.0%] n=73,999,992 | 1750000 sols | S:0 B:1750000 | 47551 cand/s\n"}
,{"stream_name":"stdout","time":52.611570294,"data":"  [48.0%] n=79,999,992 | 2000000 sols | S:0 B:2000000 | 43152 cand/s\n"}
,{"stream_name":"stdout","time":58.283262375,"data":"  [54.0%] n=85,999,992 | 2250000 sols | S:0 B:2250000 | 48679 cand/s\n"}
,{"stream_name":"stdout","time":63.616473186,"data":"  [60.0%] n=91,999,992 | 2500000 sols | S:0 B:2500000 | 42618 cand/s\n"}
,{"stream_name":"stdout","time":68.765226539,"data":"  [66.0%] n=97,999,992 | 2750000 sols | S:0 B:2750000 | 48714 cand/s\n"}
,{"stream_name":"stdout","time":74.769866205,"data":"  [72.0%] n=103,999,992 | 3000000 sols | S:0 B:3000000 | 41671 cand/s\n"}
,{"stream_name":"stdout","time":79.964410937,"data":"  [78.0%] n=109,999,992 | 3250000 sols | S:0 B:3250000 | 48150 cand/s\n"}
,{"stream_name":"stdout","time":85.221818012,"data":"  [84.0%] n=115,999,992 | 3500000 sols | S:0 B:3500000 | 47565 cand/s\n"}
,{"stream_name":"stdout","time":91.301530131,"data":"  [90.0%] n=121,999,992 | 3750000 sols | S:0 B:3750000 | 41129 cand/s\n"}
,{"stream_name":"stdout","time":96.425428477,"data":"  [96.0%] n=127,999,992 | 4000000 sols | S:0 B:4000000 | 48805 cand/s\n"}
,{"stream_name":"stdout","time":108.034296833,"data":"==================================================\n"}
,{"stream_name":"stdout","time":108.034331101,"data":"ERDOS T4 DONE | 0.03h | 4,166,666 candidates | 4166666 sols (100.0%)\n"}
,{"stream_name":"stdout","time":108.034337625,"data":"STABLE: 0 | BREACH: 4166666 | ANOMALIES: 0\n"}
,{"stream_name":"stdout","time":108.034342254,"data":"Last n: 132,000,000\n"}
,{"stream_name":"stdout","time":108.034346663,"data":"==================================================\n"}
,{"stream_name":"stdout","time":108.034351236,"data":"{\"stable\": 0, \"breach\": 4166666, \"anomalies\": 0, \"total_solutions\": 4166666, \"candidates_checked\": 4166666, \"hit_rate_pct\": 100.0, \"last_n\": 132000000, \"runtime_h\": 0.03}\n"}
,{"stream_name":"stderr","time":112.233944732,"data":"/usr/local/lib/python3.12/dist-packages/mistune.py:435: SyntaxWarning: invalid escape sequence '\\|'\n"}
,{"stream_name":"stderr","time":112.233965748,"data":"  cells[i][c] = re.sub('\\\\\\\\\\|', '|', cell)\n"}
,{"stream_name":"stderr","time":112.466159181,"data":"/usr/local/lib/python3.12/dist-packages/nbconvert/filters/filter_links.py:36: SyntaxWarning: invalid escape sequence '\\_'\n"}
,{"stream_name":"stderr","time":112.4661843,"data":"  text = re.sub(r'_', '\\_', text) # Escape underscores in display text\n"}
,{"stream_name":"stderr","time":114.682840868,"data":"[NbConvertApp] Converting notebook __notebook__.ipynb to notebook\n"}
,{"stream_name":"stderr","time":114.971644598,"data":"[NbConvertApp] Writing 13099 bytes to __notebook__.ipynb\n"}
,{"stream_name":"stderr","time":117.240444851,"data":"[NbConvertApp] Converting notebook __notebook__.ipynb to html\n"}
,{"stream_name":"stderr","time":118.036794187,"data":"[NbConvertApp] Writing 310925 bytes to __results__.html\n"}
]