[{"stream_name":"stdout","time":1.023588548,"data":"--- [v107] KAGGLE RESONANCE FLANK 16 ---\n"}
,{"stream_name":"stdout","time":1.02366418,"data":"Range: {START_N:.2e} to {START_N + BATCH_WIDTH:.2e}\n"}
,{"stream_name":"stdout","time":1.023669296,"data":"Starting sift with {CORES} cores...\n"}
,{"stream_name":"stdout","time":246.280177015,"data":"  [PROGRESS] {total_verified / BATCH_WIDTH:.4%} complete...\n"}
,{"stream_name":"stdout","time":491.734750849,"data":"  [PROGRESS] {total_verified / BATCH_WIDTH:.4%} complete...\n"}
,{"stream_name":"stdout","time":738.105472657,"data":"  [PROGRESS] {total_verified / BATCH_WIDTH:.4%} complete...\n"}
,{"stream_name":"stdout","time":984.877155936,"data":"  [PROGRESS] {total_verified / BATCH_WIDTH:.4%} complete...\n"}
,{"stream_name":"stdout","time":1230.832815302,"data":"  [PROGRESS] {total_verified / BATCH_WIDTH:.4%} complete...\n"}
,{"stream_name":"stdout","time":1477.494119294,"data":"  [PROGRESS] {total_verified / BATCH_WIDTH:.4%} complete...\n"}
,{"stream_name":"stdout","time":1726.88629831,"data":"  [PROGRESS] {total_verified / BATCH_WIDTH:.4%} complete...\n"}
,{"stream_name":"stdout","time":1975.2599415,"data":"  [PROGRESS] {total_verified / BATCH_WIDTH:.4%} complete...\n"}
,{"stream_name":"stdout","time":2221.254386943,"data":"  [PROGRESS] {total_verified / BATCH_WIDTH:.4%} complete...\n"}
,{"stream_name":"stdout","time":2467.3894752,"data":"  [PROGRESS] {total_verified / BATCH_WIDTH:.4%} complete...\n"}
,{"stream_name":"stdout","time":2713.701309038,"data":"  [PROGRESS] {total_verified / BATCH_WIDTH:.4%} complete...\n"}
,{"stream_name":"stdout","time":2959.622011631,"data":"  [PROGRESS] {total_verified / BATCH_WIDTH:.4%} complete...\n"}
,{"stream_name":"stdout","time":3205.306186718,"data":"  [PROGRESS] {total_verified / BATCH_WIDTH:.4%} complete...\n"}
,{"stream_name":"stdout","time":3450.320086136,"data":"  [PROGRESS] {total_verified / BATCH_WIDTH:.4%} complete...\n"}
,{"stream_name":"stdout","time":3695.79531884,"data":"  [PROGRESS] {total_verified / BATCH_WIDTH:.4%} complete...\n"}
,{"stream_name":"stdout","time":3941.33880158,"data":"  [PROGRESS] {total_verified / BATCH_WIDTH:.4%} complete...\n"}
,{"stream_name":"stdout","time":4244.411266339,"data":"  [PROGRESS] {total_verified / BATCH_WIDTH:.4%} complete...\n"}
,{"stream_name":"stdout","time":4497.123586384,"data":"  [PROGRESS] {total_verified / BATCH_WIDTH:.4%} complete...\n"}
,{"stream_name":"stdout","time":4759.986245587,"data":"  [PROGRESS] {total_verified / BATCH_WIDTH:.4%} complete...\n"}
,{"stream_name":"stdout","time":5011.015978415,"data":"  [PROGRESS] {total_verified / BATCH_WIDTH:.4%} complete...\n"}
,{"stream_name":"stdout","time":5259.735536083,"data":"  [PROGRESS] {total_verified / BATCH_WIDTH:.4%} complete...\n"}
,{"stream_name":"stdout","time":5507.961109545,"data":"  [PROGRESS] {total_verified / BATCH_WIDTH:.4%} complete...\n"}
,{"stream_name":"stdout","time":5755.158149324,"data":"  [PROGRESS] {total_verified / BATCH_WIDTH:.4%} complete...\n"}
,{"stream_name":"stdout","time":6002.019658192,"data":"  [PROGRESS] {total_verified / BATCH_WIDTH:.4%} complete...\n"}
,{"stream_name":"stdout","time":6249.421542407,"data":"  [PROGRESS] {total_verified / BATCH_WIDTH:.4%} complete...\n"}
,{"stream_name":"stdout","time":6499.809837307,"data":"  [PROGRESS] {total_verified / BATCH_WIDTH:.4%} complete...\n"}
,{"stream_name":"stdout","time":6748.847025718,"data":"  [PROGRESS] {total_verified / BATCH_WIDTH:.4%} complete...\n"}
,{"stream_name":"stdout","time":6998.727899257,"data":"  [PROGRESS] {total_verified / BATCH_WIDTH:.4%} complete...\n"}
,{"stream_name":"stdout","time":7253.342690648,"data":"  [PROGRESS] {total_verified / BATCH_WIDTH:.4%} complete...\n"}
,{"stream_name":"stdout","time":7502.936135489,"data":"  [PROGRESS] {total_verified / BATCH_WIDTH:.4%} complete...\n"}
,{"stream_name":"stdout","time":7754.224826319,"data":"  [PROGRESS] {total_verified / BATCH_WIDTH:.4%} complete...\n"}
,{"stream_name":"stdout","time":8001.453896147,"data":"  [PROGRESS] {total_verified / BATCH_WIDTH:.4%} complete...\n"}
,{"stream_name":"stdout","time":8252.158065013,"data":"  [PROGRESS] {total_verified / BATCH_WIDTH:.4%} complete...\n"}
,{"stream_name":"stdout","time":8501.713817558,"data":"  [PROGRESS] {total_verified / BATCH_WIDTH:.4%} complete...\n"}
,{"stream_name":"stdout","time":8755.06778173,"data":"  [PROGRESS] {total_verified / BATCH_WIDTH:.4%} complete...\n"}
,{"stream_name":"stdout","time":9004.681119489,"data":"  [PROGRESS] {total_verified / BATCH_WIDTH:.4%} complete...\n"}
,{"stream_name":"stdout","time":9253.374060967,"data":"  [PROGRESS] {total_verified / BATCH_WIDTH:.4%} complete...\n"}
,{"stream_name":"stdout","time":9502.297285402,"data":"  [PROGRESS] {total_verified / BATCH_WIDTH:.4%} complete...\n"}
,{"stream_name":"stdout","time":9755.752175742,"data":"  [PROGRESS] {total_verified / BATCH_WIDTH:.4%} complete...\n"}
,{"stream_name":"stdout","time":10005.742424217,"data":"  [PROGRESS] {total_verified / BATCH_WIDTH:.4%} complete...\n"}
,{"stream_name":"stdout","time":10255.229017908,"data":"  [PROGRESS] {total_verified / BATCH_WIDTH:.4%} complete...\n"}
,{"stream_name":"stdout","time":10504.884487588,"data":"  [PROGRESS] {total_verified / BATCH_WIDTH:.4%} complete...\n"}
,{"stream_name":"stdout","time":10768.716750315,"data":"  [PROGRESS] {total_verified / BATCH_WIDTH:.4%} complete...\n"}
,{"stream_name":"stdout","time":11017.434075206,"data":"  [PROGRESS] {total_verified / BATCH_WIDTH:.4%} complete...\n"}
,{"stream_name":"stdout","time":11278.033917437,"data":"  [PROGRESS] {total_verified / BATCH_WIDTH:.4%} complete...\n"}
,{"stream_name":"stdout","time":11542.888028822,"data":"  [PROGRESS] {total_verified / BATCH_WIDTH:.4%} complete...\n"}
,{"stream_name":"stdout","time":11795.994742961,"data":"  [PROGRESS] {total_verified / BATCH_WIDTH:.4%} complete...\n"}
,{"stream_name":"stdout","time":12044.857143694,"data":"  [PROGRESS] {total_verified / BATCH_WIDTH:.4%} complete...\n"}
,{"stream_name":"stdout","time":12295.168053239,"data":"  [PROGRESS] {total_verified / BATCH_WIDTH:.4%} complete...\n"}
,{"stream_name":"stdout","time":12546.870838313,"data":"  [PROGRESS] {total_verified / BATCH_WIDTH:.4%} complete...\n"}
,{"stream_name":"stdout","time":12797.100134523,"data":"  [PROGRESS] {total_verified / BATCH_WIDTH:.4%} complete...\n"}
,{"stream_name":"stdout","time":13047.887052564,"data":"  [PROGRESS] {total_verified / BATCH_WIDTH:.4%} complete...\n"}
,{"stream_name":"stdout","time":13299.345014193,"data":"  [PROGRESS] {total_verified / BATCH_WIDTH:.4%} complete...\n"}
,{"stream_name":"stdout","time":13549.293035047,"data":"  [PROGRESS] {total_verified / BATCH_WIDTH:.4%} complete...\n"}
,{"stream_name":"stdout","time":13798.901553788,"data":"  [PROGRESS] {total_verified / BATCH_WIDTH:.4%} complete...\n"}
,{"stream_name":"stdout","time":14048.95760248,"data":"  [PROGRESS] {total_verified / BATCH_WIDTH:.4%} complete...\n"}
,{"stream_name":"stdout","time":14333.057390759,"data":"  [PROGRESS] {total_verified / BATCH_WIDTH:.4%} complete...\n"}
,{"stream_name":"stdout","time":14589.435137189,"data":"  [PROGRESS] {total_verified / BATCH_WIDTH:.4%} complete...\n"}
,{"stream_name":"stdout","time":14851.9299877,"data":"  [PROGRESS] {total_verified / BATCH_WIDTH:.4%} complete...\n"}
,{"stream_name":"stdout","time":15113.875717564,"data":"  [PROGRESS] {total_verified / BATCH_WIDTH:.4%} complete...\n"}
,{"stream_name":"stdout","time":15364.020476338,"data":"  [PROGRESS] {total_verified / BATCH_WIDTH:.4%} complete...\n"}
,{"stream_name":"stdout","time":15634.10876865,"data":"  [PROGRESS] {total_verified / BATCH_WIDTH:.4%} complete...\n"}
,{"stream_name":"stdout","time":15892.711193905,"data":"  [PROGRESS] {total_verified / BATCH_WIDTH:.4%} complete...\n"}
,{"stream_name":"stdout","time":16143.282552693,"data":"  [PROGRESS] {total_verified / BATCH_WIDTH:.4%} complete...\n"}
,{"stream_name":"stdout","time":16394.482812928,"data":"  [PROGRESS] {total_verified / BATCH_WIDTH:.4%} complete...\n"}
,{"stream_name":"stdout","time":16643.353766872,"data":"  [PROGRESS] {total_verified / BATCH_WIDTH:.4%} complete...\n"}
,{"stream_name":"stdout","time":16898.172072722,"data":"  [PROGRESS] {total_verified / BATCH_WIDTH:.4%} complete...\n"}
,{"stream_name":"stdout","time":17175.602870942,"data":"  [PROGRESS] {total_verified / BATCH_WIDTH:.4%} complete...\n"}
,{"stream_name":"stdout","time":17433.939633094,"data":"  [PROGRESS] {total_verified / BATCH_WIDTH:.4%} complete...\n"}
,{"stream_name":"stdout","time":17690.317610749,"data":"  [PROGRESS] {total_verified / BATCH_WIDTH:.4%} complete...\n"}
,{"stream_name":"stdout","time":17953.848437445,"data":"  [PROGRESS] {total_verified / BATCH_WIDTH:.4%} complete...\n"}
,{"stream_name":"stdout","time":18219.320016196,"data":"  [PROGRESS] {total_verified / BATCH_WIDTH:.4%} complete...\n"}
,{"stream_name":"stdout","time":18473.604861942,"data":"  [PROGRESS] {total_verified / BATCH_WIDTH:.4%} complete...\n"}
,{"stream_name":"stdout","time":18735.775848695,"data":"  [PROGRESS] {total_verified / BATCH_WIDTH:.4%} complete...\n"}
,{"stream_name":"stdout","time":19009.695079729,"data":"  [PROGRESS] {total_verified / BATCH_WIDTH:.4%} complete...\n"}
,{"stream_name":"stdout","time":19266.216002131,"data":"  [PROGRESS] {total_verified / BATCH_WIDTH:.4%} complete...\n"}
,{"stream_name":"stdout","time":19522.869859722,"data":"  [PROGRESS] {total_verified / BATCH_WIDTH:.4%} complete...\n"}
,{"stream_name":"stdout","time":19781.65021526,"data":"  [PROGRESS] {total_verified / BATCH_WIDTH:.4%} complete...\n"}
,{"stream_name":"stdout","time":20042.488983253,"data":"  [PROGRESS] {total_verified / BATCH_WIDTH:.4%} complete...\n"}
,{"stream_name":"stdout","time":20298.738420916,"data":"  [PROGRESS] {total_verified / BATCH_WIDTH:.4%} complete...\n"}
,{"stream_name":"stdout","time":20553.432328153,"data":"  [PROGRESS] {total_verified / BATCH_WIDTH:.4%} complete...\n"}
,{"stream_name":"stdout","time":20804.328933601,"data":"  [PROGRESS] {total_verified / BATCH_WIDTH:.4%} complete...\n"}
,{"stream_name":"stdout","time":21055.576025572,"data":"  [PROGRESS] {total_verified / BATCH_WIDTH:.4%} complete...\n"}
,{"stream_name":"stdout","time":21304.728540327,"data":"  [PROGRESS] {total_verified / BATCH_WIDTH:.4%} complete...\n"}
,{"stream_name":"stdout","time":21553.415506434,"data":"  [PROGRESS] {total_verified / BATCH_WIDTH:.4%} complete...\n"}
,{"stream_name":"stdout","time":21804.576030875,"data":"  [PROGRESS] {total_verified / BATCH_WIDTH:.4%} complete...\n"}
,{"stream_name":"stdout","time":22071.497070543,"data":"  [PROGRESS] {total_verified / BATCH_WIDTH:.4%} complete...\n"}
,{"stream_name":"stdout","time":22347.524051233,"data":"  [PROGRESS] {total_verified / BATCH_WIDTH:.4%} complete...\n"}
,{"stream_name":"stdout","time":22598.068162683,"data":"  [PROGRESS] {total_verified / BATCH_WIDTH:.4%} complete...\n"}
,{"stream_name":"stdout","time":22848.087755114,"data":"  [PROGRESS] {total_verified / BATCH_WIDTH:.4%} complete...\n"}
,{"stream_name":"stdout","time":23097.780265153,"data":"  [PROGRESS] {total_verified / BATCH_WIDTH:.4%} complete...\n"}
,{"stream_name":"stdout","time":23347.79873202,"data":"  [PROGRESS] {total_verified / BATCH_WIDTH:.4%} complete...\n"}
,{"stream_name":"stdout","time":23598.445962305,"data":"  [PROGRESS] {total_verified / BATCH_WIDTH:.4%} complete...\n"}
,{"stream_name":"stdout","time":23848.749704613,"data":"  [PROGRESS] {total_verified / BATCH_WIDTH:.4%} complete...\n"}
,{"stream_name":"stdout","time":24098.797799323,"data":"  [PROGRESS] {total_verified / BATCH_WIDTH:.4%} complete...\n"}
,{"stream_name":"stdout","time":24347.761062162,"data":"  [PROGRESS] {total_verified / BATCH_WIDTH:.4%} complete...\n"}
,{"stream_name":"stdout","time":24598.553533613,"data":"  [PROGRESS] {total_verified / BATCH_WIDTH:.4%} complete...\n"}
,{"stream_name":"stdout","time":24848.210999063,"data":"  [PROGRESS] {total_verified / BATCH_WIDTH:.4%} complete...\n"}
,{"stream_name":"stdout","time":25098.253127755,"data":"  [PROGRESS] {total_verified / BATCH_WIDTH:.4%} complete...\n"}
,{"stream_name":"stdout","time":25349.154929369,"data":"  [PROGRESS] {total_verified / BATCH_WIDTH:.4%} complete...\n"}
,{"stream_name":"stdout","time":25600.266048346,"data":"  [PROGRESS] {total_verified / BATCH_WIDTH:.4%} complete...\n"}
,{"stream_name":"stdout","time":25851.526181609,"data":"  [PROGRESS] {total_verified / BATCH_WIDTH:.4%} complete...\n"}
,{"stream_name":"stdout","time":26103.209616709,"data":"  [PROGRESS] {total_verified / BATCH_WIDTH:.4%} complete...\n"}
,{"stream_name":"stdout","time":26355.827238777,"data":"  [PROGRESS] {total_verified / BATCH_WIDTH:.4%} complete...\n"}
,{"stream_name":"stdout","time":26607.074784172,"data":"  [PROGRESS] {total_verified / BATCH_WIDTH:.4%} complete...\n"}
,{"stream_name":"stdout","time":26856.1496224,"data":"  [PROGRESS] {total_verified / BATCH_WIDTH:.4%} complete...\n"}
,{"stream_name":"stdout","time":27105.893065547,"data":"  [PROGRESS] {total_verified / BATCH_WIDTH:.4%} complete...\n"}
,{"stream_name":"stdout","time":27355.373246383,"data":"  [PROGRESS] {total_verified / BATCH_WIDTH:.4%} complete...\n"}
,{"stream_name":"stdout","time":27605.644679927,"data":"  [PROGRESS] {total_verified / BATCH_WIDTH:.4%} complete...\n"}
,{"stream_name":"stdout","time":27854.939293655,"data":"  [PROGRESS] {total_verified / BATCH_WIDTH:.4%} complete...\n"}
,{"stream_name":"stdout","time":28104.147369423,"data":"  [PROGRESS] {total_verified / BATCH_WIDTH:.4%} complete...\n"}
,{"stream_name":"stdout","time":28355.060815552,"data":"  [PROGRESS] {total_verified / BATCH_WIDTH:.4%} complete...\n"}
,{"stream_name":"stdout","time":28605.366093732,"data":"  [PROGRESS] {total_verified / BATCH_WIDTH:.4%} complete...\n"}
,{"stream_name":"stdout","time":28806.086119774,"data":"\n"}
,{"stream_name":"stdout","time":28806.08617548,"data":"--- [FLANK_COMPLETE] ---\n"}
,{"stream_name":"stdout","time":28806.086380133,"data":"Total Verified in this Pulse: {total_verified:,}\n"}
,{"stream_name":"stderr","time":28810.568075959,"data":"/usr/local/lib/python3.12/dist-packages/mistune.py:435: SyntaxWarning: invalid escape sequence '\\|'\n"}
,{"stream_name":"stderr","time":28810.568158919,"data":"  cells[i][c] = re.sub('\\\\\\\\\\|', '|', cell)\n"}
,{"stream_name":"stderr","time":28811.195421291,"data":"/usr/local/lib/python3.12/dist-packages/nbconvert/filters/filter_links.py:36: SyntaxWarning: invalid escape sequence '\\_'\n"}
,{"stream_name":"stderr","time":28811.195461946,"data":"  text = re.sub(r'_', '\\_', text) # Escape underscores in display text\n"}
,{"stream_name":"stderr","time":28813.81045131,"data":"[NbConvertApp] Converting notebook __script__.ipynb to html\n"}
,{"stream_name":"stderr","time":28815.636324846,"data":"[NbConvertApp] Writing 283955 bytes to __results__.html\n"}
]